board 'zybo' matches zybo-classic-1, zybo-classic-2, zybo-z7-20; using zybo-classic-1: --cable 210279539777 is its JTAG cable.
💡 cable confinement is installed but not active for this lease — run `rr lease confine setup` (then re-acquire the lease to confine it). 
Until then the board is advisory-locked only.
🚀 Starting hardware deployment...
known confirmed issue for vivado 2024.1 (>=2024.1,<2024.2): Vivado 2024.1 can silently sign-drop a negative VHDL sentinel return — Run rr lint with RR-ARITH-003 enabled and replace negative sentinel returns with an explicit validity result. [evidence: RTL-P3.1357 / H264-T1.3]
  🛡 RAM guard: system memory kill limit off (opt in with RR_MEM_LIMIT_GB or hardware.monitor.mem_limit_gb), stall-guardian on, max_jobs=auto
— tune via RR_MEM_LIMIT_GB / RR_MAX_JOBS (rr_synth_monitor)
🚀 Programming FPGA device...
   RAM estimate: zynq7/vivado/program: 1243 MB; measured history [1181, 1180, 1047, 1179, 1230] MB; confidence=high
   → /tools/Xilinx/Vivado/2024.1/bin/vivado -mode batch -nolog…
   🛡 cgroup MemoryMax (per-process hard-cap, stage=program, part_class=small): 1615 MB ≈ 1.6 GB (peak est 1243 MB × 1.3)
   🛡 stage stall-guardian memory limit: none (set RR_MEM_LIMIT_GB or hardware.monitor.mem_limit_gb to enable)
[monitor] Total RAM: 125.7 GB | Memory kill threshold: disabled (opt-in)

****** Vivado v2024.1 (64-bit)
  **** SW Build 5076996 on Wed May 22 18:36:09 MDT 2024
  **** IP Build 5075265 on Wed May 22 21:45:21 MDT 2024
  **** SharedData Build 5076995 on Wed May 22 18:29:18 MDT 2024
  **** Start of session at: Sat Sep 26 13:05:44 2026
    ** Copyright 1986-2022 Xilinx, Inc. All Rights Reserved.
    ** Copyright 2022-2024 Advanced Micro Devices, Inc. All Rights Reserved.

WARNING: [Runs 36-547] User Strategy 'Vivado Synthesis Defaults' from file '/home/dmazure/.Xilinx/Vivado/2024.1/strategies/Vivado Synthesis Defaults.Vivado Synthesis 2024.psg' discarded because strategy with same name already parsed from '/tools/Xilinx/Vivado/2024.1/strategies/VDS2024.psg'
WARNING: [Runs 36-547] User Strategy 'Vivado Implementation Defaults' from file '/home/dmazure/.Xilinx/Vivado/2024.1/strategies/Vivado Implementation Defaults.Vivado Implementation 2024.psg' discarded because strategy with same name already parsed from '/tools/Xilinx/Vivado/2024.1/strategies/VDI2024.psg'
source /home/dmazure/git_repo/tich-super/routertl/tcl/xilinx/gen_program.tcl -notrace
⚡ Programming Xilinx FPGA (Vivado)...
open_hw_manager: Time (s): cpu = 00:00:05 ; elapsed = 00:00:05 . Memory (MB): peak = 1441.977 ; gain = 2.992 ; free physical = 1896 ; free virtual = 166808
INFO: [Labtoolstcl 44-466] Opening hw_target localhost:3121/xilinx_tcf/Digilent/210279539777A
WARNING: [Labtoolstcl 44-128] No matching hw_devices were found.
   Programming device: xc7z010_1  (chain: arm_dap_0 xc7z010_1)
INFO: [Labtools 27-1434] Device xc7z010 (JTAG device index = 1) is programmed with a design that has no supported debug core(s) in it.
INFO: [Labtools 27-3164] End of startup status: HIGH
INFO: [Labtools 27-1434] Device xc7z010 (JTAG device index = 1) is programmed with a design that has no supported debug core(s) in it.
INFO: [Labtoolstcl 44-464] Closing hw_target localhost:3121/xilinx_tcf/Digilent/210279539777A
✅ Programming successful.
INFO: [Common 17-206] Exiting Vivado at Sat Sep 26 13:05:56 2026...
[monitor] DONE | exit=0 | peak_sys=12.6 GB | peak_proc=1.2 GB | duration=13s | killed=False
  RAM peak: 12.6 GB system, 1.2 GB process

✅ Hardware deployment successful!
   build stamp 0x79a5af86 (sidecar:zybo_classic_rea_source.usr_access) — confirm the PL matches: rr hw bit-sha
