💡 cable confinement is installed but not active for this lease — run `rr lease confine setup` (then re-acquire the lease to confine it). 
Until then the board is advisory-locked only.
🚀 Starting hardware deployment...
known confirmed issue for vivado 2024.1 (>=2024.1,<2024.2): Vivado 2024.1 can silently sign-drop a negative VHDL sentinel return — Run rr lint with RR-ARITH-003 enabled and replace negative sentinel returns with an explicit validity result. [evidence: RTL-P3.1357 / H264-T1.3]
  🛡 RAM guard: system memory kill limit off (opt in with RR_MEM_LIMIT_GB or hardware.monitor.mem_limit_gb), stall-guardian on, max_jobs=auto
— tune via RR_MEM_LIMIT_GB / RR_MAX_JOBS (rr_synth_monitor)
🚀 Programming FPGA device...
   RAM estimate: zynqmp/vivado/program: 1241 MB; measured history [1227, 1218, 1231, 1224, 1225] MB; confidence=high
   → /tools/Xilinx/Vivado/2024.1/bin/vivado -mode batch -nolog…
   🛡 cgroup MemoryMax (per-process hard-cap, stage=program, part_class=ultrascale): 1613 MB ≈ 1.6 GB (peak est 1241 MB × 1.3)
   🛡 stage stall-guardian memory limit: none (set RR_MEM_LIMIT_GB or hardware.monitor.mem_limit_gb to enable)
[monitor] Total RAM: 125.7 GB | Memory kill threshold: disabled (opt-in)

****** Vivado v2024.1 (64-bit)
  **** SW Build 5076996 on Wed May 22 18:36:09 MDT 2024
  **** IP Build 5075265 on Wed May 22 21:45:21 MDT 2024
  **** SharedData Build 5076995 on Wed May 22 18:29:18 MDT 2024
  **** Start of session at: Sat Sep 26 12:20:22 2026
    ** Copyright 1986-2022 Xilinx, Inc. All Rights Reserved.
    ** Copyright 2022-2024 Advanced Micro Devices, Inc. All Rights Reserved.

WARNING: [Runs 36-547] User Strategy 'Vivado Synthesis Defaults' from file '/home/dmazure/.Xilinx/Vivado/2024.1/strategies/Vivado Synthesis Defaults.Vivado Synthesis 2024.psg' discarded because strategy with same name already parsed from '/tools/Xilinx/Vivado/2024.1/strategies/VDS2024.psg'
WARNING: [Runs 36-547] User Strategy 'Vivado Implementation Defaults' from file '/home/dmazure/.Xilinx/Vivado/2024.1/strategies/Vivado Implementation Defaults.Vivado Implementation 2024.psg' discarded because strategy with same name already parsed from '/tools/Xilinx/Vivado/2024.1/strategies/VDI2024.psg'
source /home/dmazure/git_repo/tich-super/routertl/tcl/xilinx/gen_program.tcl -notrace
⚡ Programming Xilinx FPGA (Vivado)...
open_hw_manager: Time (s): cpu = 00:00:05 ; elapsed = 00:00:05 . Memory (MB): peak = 1440.945 ; gain = 2.992 ; free physical = 3958 ; free virtual = 164961
INFO: [Labtoolstcl 44-466] Opening hw_target localhost:3121/xilinx_tcf/Xilinx/XFL1F0VLP1OIA
CRITICAL WARNING: [Labtools 27-3421] xck26_0 PL Power Status OFF, cannot connect PL TAP.  Check POR_B signal.
WARNING: [Labtoolstcl 44-128] No matching hw_devices were found.
   Programming device: xck26_0  (chain: xck26_0 arm_dap_1)
CRITICAL WARNING: [Labtools 27-3421] xck26_0 PL Power Status OFF, cannot connect PL TAP.  Check POR_B signal.
INFO: [Labtools 27-1435] Device xck26 (JTAG device index = 0) is not programmed (DONE status = 0).
INFO: [Labtools 27-3164] End of startup status: HIGH
INFO: [Labtools 27-1434] Device xck26 (JTAG device index = 0) is programmed with a design that has no supported debug core(s) in it.
INFO: [Labtoolstcl 44-464] Closing hw_target localhost:3121/xilinx_tcf/Xilinx/XFL1F0VLP1OIA
✅ Programming successful.
INFO: [Common 17-206] Exiting Vivado at Sat Sep 26 12:20:37 2026...
[monitor] DONE | exit=0 | peak_sys=14.4 GB | peak_proc=1.2 GB | duration=16s | killed=False
  RAM peak: 14.4 GB system, 1.2 GB process

✅ Hardware deployment successful!
   build stamp 0x77fa0945 (sidecar:kv260_rea_source.usr_access) — confirm the PL matches: rr hw bit-sha
